<?xml version="1.0" encoding="utf-8" ?>
<result>
	<row>
		<label>Comcast</label>
		<nb_visits>65</nb_visits>
		<nb_actions>75</nb_actions>
		<max_actions>2</max_actions>
		<sum_visit_length>35</sum_visit_length>
		<bounce_count>40</bounce_count>
		<nb_visits_converted>0</nb_visits_converted>
		<sum_daily_nb_uniq_visitors>13</sum_daily_nb_uniq_visitors>
		<sum_daily_nb_users>13</sum_daily_nb_users>
		<url>http://comcast.net/</url>
		<segment>provider==Comcast</segment>
	</row>
	<row>
		<label>Awesomeisp</label>
		<nb_visits>30</nb_visits>
		<nb_actions>40</nb_actions>
		<max_actions>2</max_actions>
		<sum_visit_length>20</sum_visit_length>
		<bounce_count>15</bounce_count>
		<nb_visits_converted>0</nb_visits_converted>
		<sum_daily_nb_uniq_visitors>6</sum_daily_nb_uniq_visitors>
		<sum_daily_nb_users>6</sum_daily_nb_users>
		<url>http://awesomeisp.com/</url>
		<segment>provider==Awesomeisp</segment>
	</row>
	<row>
		<label>Unknown</label>
		<nb_visits>30</nb_visits>
		<nb_actions>35</nb_actions>
		<max_actions>2</max_actions>
		<sum_visit_length>10</sum_visit_length>
		<bounce_count>20</bounce_count>
		<nb_visits_converted>0</nb_visits_converted>
		<sum_daily_nb_uniq_visitors>6</sum_daily_nb_uniq_visitors>
		<sum_daily_nb_users>6</sum_daily_nb_users>
		<url />
		<segment>provider==</segment>
	</row>
</result>